// Jest Snapshot v1, https://goo.gl/fbAQLP

exports[`One item 1`] = `
[
  {
    "audiopreference": "pod",
    "audiopresentation": "format",
    "audiopriority": "mp3",
    "broadcasttime": {
      "endtimeutc": "2024-06-02T13:55:00Z",
      "starttimeutc": "2024-06-02T13:03:00Z",
    },
    "channelid": 132,
    "description": "1986 briserar en uppseendeväckande spionhistoria i Sverige. Härvan leder till ett stort antal utvisningar av tjeckiska diplomater och en uppmärksammad spionrättegång.",
    "downloadpodfile": {
      "availablefromutc": "2024-05-31T04:00:00Z",
      "description": "",
      "duration": 1432,
      "filesizeinbytes": 22942839,
      "program": "",
      "publishdateutc": "2024-06-02T13:03:00Z",
      "statkey": "/app/avsnitt/p1[k(132)]/p1 dokumentär[p(909)]/[e(2409981)]",
      "title": "Dubbelagenten - I rikets tjänst | Del 1/4",
      "url": "https://sverigesradio.se/topsy/ljudfil/srapi/9345602.mp3",
    },
    "imageurl": "https://static-cdn.sr.se/images/909/52648619-3f26-486d-ab63-74a773bbbb60.jpg?preset=api-default-square",
    "imageurltemplate": "https://static-cdn.sr.se/images/909/52648619-3f26-486d-ab63-74a773bbbb60.jpg",
    "listenpodfile": {
      "availablefromutc": "2024-05-31T04:00:00Z",
      "description": "",
      "duration": 1432,
      "filesizeinbytes": 22942839,
      "program": "",
      "publishdateutc": "2024-06-02T13:03:00Z",
      "statkey": "/app/avsnitt/p1[k(132)]/p1 dokumentär[p(909)]/[e(2409981)]",
      "title": "Dubbelagenten - I rikets tjänst | Del 1/4",
      "url": "https://sverigesradio.se/topsy/ljudfil/srapi/9345602.mp3",
    },
    "program": "",
    "publishdateutc": "2024-06-02T13:03:00Z",
    "title": "Dubbelagenten - I rikets tjänst | Del 1/4",
    "url": "https://sverigesradio.se/avsnitt/2409981",
  },
]
`;

exports[`Two items 1`] = `
[
  {
    "audiopreference": "broadcast",
    "audiopresentation": "music",
    "audiopriority": "aac",
    "broadcast": {
      "availablestoputc": "2024-07-22T04:55:00Z",
      "broadcastfiles": {
        "broadcastfile": {
          "duration": 4595,
          "publishdateutc": "2024-06-22T04:55:00Z",
          "statkey": "/app/avsnitt/p1[k(132)]/sommar & vinter i p1[p(2071)]/[e(2413771)]",
          "url": "https://sverigesradio.se/topsy/ljudfil/srapi/9370581-hi.m4a",
        },
      },
      "playlist": {
        "duration": 4595,
        "publishdateutc": "2024-06-22T04:55:00Z",
        "statkey": "/app/avsnitt/p1[k(132)]/sommar & vinter i p1[p(2071)]/[e(2413771)]",
        "url": "https://api.sr.se/api/radio/radio.aspx?type=broadcast&id=9370581&codingformat=.m4a&metafile=asx&quality=hi",
      },
    },
    "broadcasttime": {
      "endtimeutc": "2024-06-22T12:20:00Z",
      "starttimeutc": "2024-06-22T11:00:00Z",
    },
    "channelid": 132,
    "description": "Skådespelaren om varför Försvarsmakten bör undvika att kalla in just honom om kriget kommer.",
    "downloadpodfile": {
      "availablefromutc": "2024-06-22T04:55:00Z",
      "description": "",
      "duration": 2856,
      "filesizeinbytes": 45718551,
      "program": "",
      "publishdateutc": "2024-06-22T11:00:00Z",
      "statkey": "/app/avsnitt/p1[k(132)]/sommar & vinter i p1[p(2071)]/[e(2413771)]",
      "title": "Hampus Nessvold",
      "url": "https://sverigesradio.se/topsy/ljudfil/srapi/9370585.mp3",
    },
    "imageurl": "https://static-cdn.sr.se/images/2071/53526fb9-9302-40e2-8b4e-3681f4c5b889.jpg?preset=api-default-square",
    "imageurltemplate": "https://static-cdn.sr.se/images/2071/53526fb9-9302-40e2-8b4e-3681f4c5b889.jpg",
    "listenpodfile": {
      "availablefromutc": "2024-06-22T04:55:00Z",
      "description": "",
      "duration": 2856,
      "filesizeinbytes": 45718551,
      "program": "",
      "publishdateutc": "2024-06-22T11:00:00Z",
      "statkey": "/app/avsnitt/p1[k(132)]/sommar & vinter i p1[p(2071)]/[e(2413771)]",
      "title": "Hampus Nessvold",
      "url": "https://sverigesradio.se/topsy/ljudfil/srapi/9370585.mp3",
    },
    "photographer": "Mattias Ahlm",
    "program": "",
    "publishdateutc": "2024-06-22T11:00:00Z",
    "title": "Hampus Nessvold",
    "url": "https://sverigesradio.se/avsnitt/2413771",
  },
  {
    "audiopreference": "broadcast",
    "audiopresentation": "music",
    "audiopriority": "aac",
    "broadcast": {
      "availablestoputc": "2024-07-11T12:00:00Z",
      "broadcastfiles": {
        "broadcastfile": {
          "duration": 3600,
          "publishdateutc": "2024-06-11T11:00:00Z",
          "statkey": "/app/avsnitt/p1[k(132)]/sommar & vinter i p1[p(2071)]/[e(2393740)]",
          "url": "https://sverigesradio.se/topsy/ljudfil/srapi/9360224-hi.m4a",
        },
      },
      "playlist": {
        "duration": 3600,
        "publishdateutc": "2024-06-11T11:00:00Z",
        "statkey": "/app/avsnitt/p1[k(132)]/sommar & vinter i p1[p(2071)]/[e(2393740)]",
        "url": "https://api.sr.se/api/radio/radio.aspx?type=broadcast&id=9360224&codingformat=.m4a&metafile=asx&quality=hi",
      },
    },
    "broadcasttime": {
      "endtimeutc": "2024-06-11T12:00:00Z",
      "starttimeutc": "2024-06-11T11:00:00Z",
    },
    "channelid": 132,
    "description": "Programchef Bibi Rödöö presenterar årets 58 Sommarvärdar.",
    "downloadpodfile": {
      "availablefromutc": "2024-06-11T12:00:00Z",
      "description": "",
      "duration": 3585,
      "filesizeinbytes": 57369891,
      "program": "",
      "publishdateutc": "2024-06-11T11:00:00Z",
      "statkey": "/app/avsnitt/p1[k(132)]/sommar & vinter i p1[p(2071)]/[e(2393740)]",
      "title": "Årets Sommarvärdar presenteras",
      "url": "https://sverigesradio.se/topsy/ljudfil/srapi/9360211.mp3",
    },
    "imageurl": "https://static-cdn.sr.se/images/2071/b4a8f917-2507-4b34-b14a-10d2731821f5.jpg?preset=api-default-square",
    "imageurltemplate": "https://static-cdn.sr.se/images/2071/b4a8f917-2507-4b34-b14a-10d2731821f5.jpg",
    "listenpodfile": {
      "availablefromutc": "2024-06-11T12:00:00Z",
      "description": "",
      "duration": 3585,
      "filesizeinbytes": 57369891,
      "program": "",
      "publishdateutc": "2024-06-11T11:00:00Z",
      "statkey": "/app/avsnitt/p1[k(132)]/sommar & vinter i p1[p(2071)]/[e(2393740)]",
      "title": "Årets Sommarvärdar presenteras",
      "url": "https://sverigesradio.se/topsy/ljudfil/srapi/9360211.mp3",
    },
    "program": "",
    "publishdateutc": "2024-06-11T11:00:00Z",
    "title": "Årets Sommarvärdar presenteras",
    "url": "https://sverigesradio.se/avsnitt/2393740",
  },
]
`;

exports[`episode list generates episode list 1`] = `
[
  {
    "audiopreference": "broadcast",
    "audiopresentation": "music",
    "audiopriority": "aac",
    "broadcast": {
      "availablestoputc": "2024-07-22T04:55:00Z",
      "broadcastfiles": {
        "broadcastfile": {
          "duration": 4595,
          "publishdateutc": "2024-06-22T04:55:00Z",
          "statkey": "/app/avsnitt/p1[k(132)]/sommar & vinter i p1[p(2071)]/[e(2413771)]",
          "url": "https://sverigesradio.se/topsy/ljudfil/srapi/9370581-hi.m4a",
        },
      },
      "playlist": {
        "duration": 4595,
        "publishdateutc": "2024-06-22T04:55:00Z",
        "statkey": "/app/avsnitt/p1[k(132)]/sommar & vinter i p1[p(2071)]/[e(2413771)]",
        "url": "https://api.sr.se/api/radio/radio.aspx?type=broadcast&id=9370581&codingformat=.m4a&metafile=asx&quality=hi",
      },
    },
    "broadcasttime": {
      "endtimeutc": "2024-06-22T12:20:00Z",
      "starttimeutc": "2024-06-22T11:00:00Z",
    },
    "channelid": 132,
    "description": "Skådespelaren om varför Försvarsmakten bör undvika att kalla in just honom om kriget kommer.",
    "downloadpodfile": {
      "availablefromutc": "2024-06-22T04:55:00Z",
      "description": "",
      "duration": 2856,
      "filesizeinbytes": 45718551,
      "program": "",
      "publishdateutc": "2024-06-22T11:00:00Z",
      "statkey": "/app/avsnitt/p1[k(132)]/sommar & vinter i p1[p(2071)]/[e(2413771)]",
      "title": "Hampus Nessvold",
      "url": "https://sverigesradio.se/topsy/ljudfil/srapi/9370585.mp3",
    },
    "imageurl": "https://static-cdn.sr.se/images/2071/53526fb9-9302-40e2-8b4e-3681f4c5b889.jpg?preset=api-default-square",
    "imageurltemplate": "https://static-cdn.sr.se/images/2071/53526fb9-9302-40e2-8b4e-3681f4c5b889.jpg",
    "listenpodfile": {
      "availablefromutc": "2024-06-22T04:55:00Z",
      "description": "",
      "duration": 2856,
      "filesizeinbytes": 45718551,
      "program": "",
      "publishdateutc": "2024-06-22T11:00:00Z",
      "statkey": "/app/avsnitt/p1[k(132)]/sommar & vinter i p1[p(2071)]/[e(2413771)]",
      "title": "Hampus Nessvold",
      "url": "https://sverigesradio.se/topsy/ljudfil/srapi/9370585.mp3",
    },
    "photographer": "Mattias Ahlm",
    "program": "",
    "publishdateutc": "2024-06-22T11:00:00Z",
    "title": "Hampus Nessvold",
    "url": "https://sverigesradio.se/avsnitt/2413771",
  },
  {
    "audiopreference": "broadcast",
    "audiopresentation": "music",
    "audiopriority": "aac",
    "broadcast": {
      "availablestoputc": "2024-07-11T12:00:00Z",
      "broadcastfiles": {
        "broadcastfile": {
          "duration": 3600,
          "publishdateutc": "2024-06-11T11:00:00Z",
          "statkey": "/app/avsnitt/p1[k(132)]/sommar & vinter i p1[p(2071)]/[e(2393740)]",
          "url": "https://sverigesradio.se/topsy/ljudfil/srapi/9360224-hi.m4a",
        },
      },
      "playlist": {
        "duration": 3600,
        "publishdateutc": "2024-06-11T11:00:00Z",
        "statkey": "/app/avsnitt/p1[k(132)]/sommar & vinter i p1[p(2071)]/[e(2393740)]",
        "url": "https://api.sr.se/api/radio/radio.aspx?type=broadcast&id=9360224&codingformat=.m4a&metafile=asx&quality=hi",
      },
    },
    "broadcasttime": {
      "endtimeutc": "2024-06-11T12:00:00Z",
      "starttimeutc": "2024-06-11T11:00:00Z",
    },
    "channelid": 132,
    "description": "Programchef Bibi Rödöö presenterar årets 58 Sommarvärdar.",
    "downloadpodfile": {
      "availablefromutc": "2024-06-11T12:00:00Z",
      "description": "",
      "duration": 3585,
      "filesizeinbytes": 57369891,
      "program": "",
      "publishdateutc": "2024-06-11T11:00:00Z",
      "statkey": "/app/avsnitt/p1[k(132)]/sommar & vinter i p1[p(2071)]/[e(2393740)]",
      "title": "Årets Sommarvärdar presenteras",
      "url": "https://sverigesradio.se/topsy/ljudfil/srapi/9360211.mp3",
    },
    "imageurl": "https://static-cdn.sr.se/images/2071/b4a8f917-2507-4b34-b14a-10d2731821f5.jpg?preset=api-default-square",
    "imageurltemplate": "https://static-cdn.sr.se/images/2071/b4a8f917-2507-4b34-b14a-10d2731821f5.jpg",
    "listenpodfile": {
      "availablefromutc": "2024-06-11T12:00:00Z",
      "description": "",
      "duration": 3585,
      "filesizeinbytes": 57369891,
      "program": "",
      "publishdateutc": "2024-06-11T11:00:00Z",
      "statkey": "/app/avsnitt/p1[k(132)]/sommar & vinter i p1[p(2071)]/[e(2393740)]",
      "title": "Årets Sommarvärdar presenteras",
      "url": "https://sverigesradio.se/topsy/ljudfil/srapi/9360211.mp3",
    },
    "program": "",
    "publishdateutc": "2024-06-11T11:00:00Z",
    "title": "Årets Sommarvärdar presenteras",
    "url": "https://sverigesradio.se/avsnitt/2393740",
  },
]
`;
